
  [30;42;1m PASS [39;49;22m[39m Tests\Unit\ExampleTest[39m
  [32;1m✓[39;22m[90m [39m[90mthat true is true[39m

  [39;41;1m FAIL [39;49;22m[39m Tests\Feature\AutorTest[39m
  [31;1m⨯[39;22m[90m [39m[90mpode listar autores[39m[90m                                                [39m [90m11.75s[39m  
  [31;1m⨯[39;22m[90m [39m[90mpode acessar pagina de criacao de autor[39m[90m                            [39m [90m31.18s[39m  
  [31;1m⨯[39;22m[90m [39m[90mpode criar autor[39m[90m                                                    [39m [90m5.24s[39m  
  [31;1m⨯[39;22m[90m [39m[90mnao pode criar autor sem nome[39m[90m                                       [39m [90m4.69s[39m  
  [31;1m⨯[39;22m[90m [39m[90mpode editar autor[39m[90m                                                   [39m [90m5.95s[39m  
  [31;1m⨯[39;22m[90m [39m[90mpode atualizar autor[39m[90m                                                [39m [90m7.46s[39m  
  [31;1m⨯[39;22m[90m [39m[90mretorna 404 ao atualizar autor inexistente[39m[90m                          [39m [90m4.08s[39m  

  [39;41;1m FAIL [39;49;22m[39m Tests\Feature\BibliotecaTest[39m
  [31;1m⨯[39;22m[90m [39m[90mpode listar bibliotecas[39m[90m                                             [39m [90m5.29s[39m  
  [31;1m⨯[39;22m[90m [39m[90mpode acessar pagina de criacao de biblioteca[39m[90m                        [39m [90m4.76s[39m  
  [31;1m⨯[39;22m[90m [39m[90mpode criar biblioteca[39m[90m                                               [39m [90m9.33s[39m  
  [31;1m⨯[39;22m[90m [39m[90mnao pode criar biblioteca sem dados obrigatorios[39m[90m                    [39m [90m4.40s[39m  
  [31;1m⨯[39;22m[90m [39m[90mpode editar biblioteca[39m[90m                                             [39m [90m20.80s[39m  
  [31;1m⨯[39;22m[90m [39m[90mretorna erro ao editar biblioteca inexistente[39m[90m                       [39m [90m4.90s[39m  
  [31;1m⨯[39;22m[90m [39m[90mpode atualizar biblioteca[39m[90m                                           [39m [90m5.91s[39m  
  [31;1m⨯[39;22m[90m [39m[90mretorna erro ao atualizar biblioteca inexistente[39m[90m                    [39m [90m6.52s[39m  
  [31;1m⨯[39;22m[90m [39m[90mpode excluir biblioteca[39m[90m                                             [39m [90m6.03s[39m  
  [31;1m⨯[39;22m[90m [39m[90mretorna erro ao excluir biblioteca inexistente[39m[90m                     [39m [90m20.78s[39m  

  [39;41;1m FAIL [39;49;22m[39m Tests\Feature\ExampleTest[39m
  [31;1m⨯[39;22m[90m [39m[90mthe application returns a successful response[39m[90m                      [39m [90m11.00s[39m  

  [39;41;1m FAIL [39;49;22m[39m Tests\Feature\LivroTest[39m
  [31;1m⨯[39;22m[90m [39m[90mpode listar livros[39m[90m                                                  [39m [90m0.16s[39m  
  [31;1m⨯[39;22m[90m [39m[90mpode acessar pagina de criacao de livro[39m[90m                             [39m [90m5.12s[39m  
  [31;1m⨯[39;22m[90m [39m[90mpode criar livro[39m[90m                                                    [39m [90m8.82s[39m  
  [31;1m⨯[39;22m[90m [39m[90mpode exibir livro especifico[39m[90m                                        [39m [90m4.26s[39m  
  [31;1m⨯[39;22m[90m [39m[90mretorna 404 ao exibir livro inexistente[39m[90m                             [39m [90m3.36s[39m  
  [31;1m⨯[39;22m[90m [39m[90mpode editar livro[39m[90m                                                   [39m [90m0.13s[39m  
  [31;1m⨯[39;22m[90m [39m[90mpode atualizar livro[39m[90m                                                [39m [90m4.96s[39m  
  [31;1m⨯[39;22m[90m [39m[90mpode excluir livro[39m[90m                                                  [39m [90m0.11s[39m  

  [39;41;1m FAIL [39;49;22m[39m Tests\Feature\PessoaTest[39m
  [31;1m⨯[39;22m[90m [39m[90mpode listar pessoas[39m[90m                                                 [39m [90m5.41s[39m  
  [31;1m⨯[39;22m[90m [39m[90mpode acessar pagina de criacao de pessoa[39m[90m                            [39m [90m5.08s[39m  
  [31;1m⨯[39;22m[90m [39m[90mpode criar pessoa com senhas iguais[39m[90m                                 [39m [90m4.40s[39m  
  [31;1m⨯[39;22m[90m [39m[90mnao pode criar pessoa com senhas diferentes[39m[90m                         [39m [90m4.16s[39m  
  [31;1m⨯[39;22m[90m [39m[90mpode editar pessoa[39m[90m                                                 [39m [90m19.44s[39m  
  [31;1m⨯[39;22m[90m [39m[90mretorna erro ao editar pessoa inexistente[39m[90m                           [39m [90m4.12s[39m  
  [31;1m⨯[39;22m[90m [39m[90mpode atualizar pessoa[39m[90m                                               [39m [90m5.32s[39m  
  [31;1m⨯[39;22m[90m [39m[90merro ao atualizar pessoa com senhas diferentes[39m[90m                      [39m [90m5.05s[39m  

  [39;41;1m FAIL [39;49;22m[39m Tests\Feature\UserTest[39m
  [31;1m⨯[39;22m[90m [39m[90mpode listar usuarios[39m[90m                                                [39m [90m5.88s[39m  
  [31;1m⨯[39;22m[90m [39m[90mpode exibir usuario especifico[39m[90m                                      [39m [90m5.82s[39m  
  [31;1m⨯[39;22m[90m [39m[90mretorna erro ao exibir usuario inexistente[39m[90m                         [39m [90m16.62s[39m  
  [31;1m⨯[39;22m[90m [39m[90mpode acessar pagina de criacao de usuario[39m[90m                           [39m [90m5.86s[39m  
  [31;1m⨯[39;22m[90m [39m[90mpode criar usuario[39m[90m                                                  [39m [90m7.93s[39m  
  [31;1m⨯[39;22m[90m [39m[90mnao pode criar usuario com email duplicado[39m[90m                          [39m [90m4.84s[39m  
  [31;1m⨯[39;22m[90m [39m[90mpode editar usuario[39m[90m                                                 [39m [90m4.77s[39m  
  [31;1m⨯[39;22m[90m [39m[90mpode atualizar usuario[39m[90m                                              [39m [90m3.98s[39m  
  [31;1m⨯[39;22m[90m [39m[90mpode excluir usuario[39m[90m                                                [39m [90m4.51s[39m  
  [31m────────────────────────────────────────────────────────────────────────────[39m  
  [41;1m FAILED [49;22m [1mTests\Feature\AutorTest[22m [90m>[39m pode listar aut… [41;1m MissingAppKeyException [49;22m  
[39;1m  No application encryption key has been specified.[39;22m

  at [32mvendor/laravel/framework/src/Illuminate/Encryption/EncryptionServiceProvider.php[39m:[32m83[39m
     79▕     protected function key(array $config)
     80▕     {
     81▕         return tap($config['key'], function ($key) {
     82▕             if (empty($key)) {
  ➜  83▕                 throw new MissingAppKeyException;
     84▕             }
     85▕         });
     86▕     }
     87▕ }

      [2m+46 vendor frames [22m
  [33m47  [39m[39;1mtests/Feature/AutorTest.php[39;22m:[39;1m23[39;22m

  [31m────────────────────────────────────────────────────────────────────────────[39m  
  [41;1m FAILED [49;22m [1mTests\Feature\AutorTest[22m [90m>[39m pode acessar pa… [41;1m MissingAppKeyException [49;22m  
[39;1m  No application encryption key has been specified.[39;22m

  at [32mvendor/laravel/framework/src/Illuminate/Encryption/EncryptionServiceProvider.php[39m:[32m83[39m
     79▕     protected function key(array $config)
     80▕     {
     81▕         return tap($config['key'], function ($key) {
     82▕             if (empty($key)) {
  ➜  83▕                 throw new MissingAppKeyException;
     84▕             }
     85▕         });
     86▕     }
     87▕ }

      [2m+19 vendor frames [22m
  [33m20  [39m[39;1mtests/Feature/AutorTest.php[39;22m:[39;1m31[39;22m

  [31m────────────────────────────────────────────────────────────────────────────[39m  
  [41;1m FAILED [49;22m [1mTests\Feature\AutorTest[22m [90m>[39m pode criar auto… [41;1m MissingAppKeyException [49;22m  
[39;1m  No application encryption key has been specified.[39;22m

  at [32mvendor/laravel/framework/src/Illuminate/Encryption/EncryptionServiceProvider.php[39m:[32m83[39m
     79▕     protected function key(array $config)
     80▕     {
     81▕         return tap($config['key'], function ($key) {
     82▕             if (empty($key)) {
  ➜  83▕                 throw new MissingAppKeyException;
     84▕             }
     85▕         });
     86▕     }
     87▕ }

      [2m+19 vendor frames [22m
  [33m20  [39m[39;1mtests/Feature/AutorTest.php[39;22m:[39;1m44[39;22m

  [31m────────────────────────────────────────────────────────────────────────────[39m  
  [41;1m FAILED [49;22m [1mTests\Feature\AutorTest[22m [90m>[39m nao pode criar…  [41;1m MissingAppKeyException [49;22m  
[39;1m  No application encryption key has been specified.[39;22m

  at [32mvendor/laravel/framework/src/Illuminate/Encryption/EncryptionServiceProvider.php[39m:[32m83[39m
     79▕     protected function key(array $config)
     80▕     {
     81▕         return tap($config['key'], function ($key) {
     82▕             if (empty($key)) {
  ➜  83▕                 throw new MissingAppKeyException;
     84▕             }
     85▕         });
     86▕     }
     87▕ }

      [2m+19 vendor frames [22m
  [33m20  [39m[39;1mtests/Feature/AutorTest.php[39;22m:[39;1m61[39;22m

  [31m────────────────────────────────────────────────────────────────────────────[39m  
  [41;1m FAILED [49;22m [1mTests\Feature\AutorTest[22m [90m>[39m pode editar aut… [41;1m MissingAppKeyException [49;22m  
[39;1m  No application encryption key has been specified.[39;22m

  at [32mvendor/laravel/framework/src/Illuminate/Encryption/EncryptionServiceProvider.php[39m:[32m83[39m
     79▕     protected function key(array $config)
     80▕     {
     81▕         return tap($config['key'], function ($key) {
     82▕             if (empty($key)) {
  ➜  83▕                 throw new MissingAppKeyException;
     84▕             }
     85▕         });
     86▕     }
     87▕ }

      [2m+19 vendor frames [22m
  [33m20  [39m[39;1mtests/Feature/AutorTest.php[39;22m:[39;1m74[39;22m

  [31m────────────────────────────────────────────────────────────────────────────[39m  
  [41;1m FAILED [49;22m [1mTests\Feature\AutorTest[22m [90m>[39m pode atualizar…  [41;1m MissingAppKeyException [49;22m  
[39;1m  No application encryption key has been specified.[39;22m

  at [32mvendor/laravel/framework/src/Illuminate/Encryption/EncryptionServiceProvider.php[39m:[32m83[39m
     79▕     protected function key(array $config)
     80▕     {
     81▕         return tap($config['key'], function ($key) {
     82▕             if (empty($key)) {
  ➜  83▕                 throw new MissingAppKeyException;
     84▕             }
     85▕         });
     86▕     }
     87▕ }

      [2m+19 vendor frames [22m
  [33m20  [39m[39;1mtests/Feature/AutorTest.php[39;22m:[39;1m92[39;22m

  [31m────────────────────────────────────────────────────────────────────────────[39m  
  [41;1m FAILED [49;22m [1mTests\Feature\AutorTest[22m [90m>[39m retorna 404 ao…  [41;1m MissingAppKeyException [49;22m  
[39;1m  No application encryption key has been specified.[39;22m

  at [32mvendor/laravel/framework/src/Illuminate/Encryption/EncryptionServiceProvider.php[39m:[32m83[39m
     79▕     protected function key(array $config)
     80▕     {
     81▕         return tap($config['key'], function ($key) {
     82▕             if (empty($key)) {
  ➜  83▕                 throw new MissingAppKeyException;
     84▕             }
     85▕         });
     86▕     }
     87▕ }

      [2m+19 vendor frames [22m
  [33m20  [39m[39;1mtests/Feature/AutorTest.php[39;22m:[39;1m110[39;22m

  [31m────────────────────────────────────────────────────────────────────────────[39m  
  [41;1m FAILED [49;22m [1mTests\Feature\BibliotecaTest[22m [90m>[39m pode lista… [41;1m MissingAppKeyException [49;22m  
[39;1m  No application encryption key has been specified.[39;22m

  at [32mvendor/laravel/framework/src/Illuminate/Encryption/EncryptionServiceProvider.php[39m:[32m83[39m
     79▕     protected function key(array $config)
     80▕     {
     81▕         return tap($config['key'], function ($key) {
     82▕             if (empty($key)) {
  ➜  83▕                 throw new MissingAppKeyException;
     84▕             }
     85▕         });
     86▕     }
     87▕ }

      [2m+19 vendor frames [22m
  [33m20  [39m[39;1mtests/Feature/BibliotecaTest.php[39;22m:[39;1m25[39;22m

  [31m────────────────────────────────────────────────────────────────────────────[39m  
  [41;1m FAILED [49;22m [1mTests\Feature\BibliotecaTest[22m [90m>[39m pode acess… [41;1m MissingAppKeyException [49;22m  
[39;1m  No application encryption key has been specified.[39;22m

  at [32mvendor/laravel/framework/src/Illuminate/Encryption/EncryptionServiceProvider.php[39m:[32m83[39m
     79▕     protected function key(array $config)
     80▕     {
     81▕         return tap($config['key'], function ($key) {
     82▕             if (empty($key)) {
  ➜  83▕                 throw new MissingAppKeyException;
     84▕             }
     85▕         });
     86▕     }
     87▕ }

      [2m+19 vendor frames [22m
  [33m20  [39m[39;1mtests/Feature/BibliotecaTest.php[39;22m:[39;1m33[39;22m

  [31m────────────────────────────────────────────────────────────────────────────[39m  
  [41;1m FAILED [49;22m [1mTests\Feature\BibliotecaTest[22m [90m>[39m pode criar… [41;1m MissingAppKeyException [49;22m  
[39;1m  No application encryption key has been specified.[39;22m

  at [32mvendor/laravel/framework/src/Illuminate/Encryption/EncryptionServiceProvider.php[39m:[32m83[39m
     79▕     protected function key(array $config)
     80▕     {
     81▕         return tap($config['key'], function ($key) {
     82▕             if (empty($key)) {
  ➜  83▕                 throw new MissingAppKeyException;
     84▕             }
     85▕         });
     86▕     }
     87▕ }

      [2m+19 vendor frames [22m
  [33m20  [39m[39;1mtests/Feature/BibliotecaTest.php[39;22m:[39;1m49[39;22m

  [31m────────────────────────────────────────────────────────────────────────────[39m  
  [41;1m FAILED [49;22m [1mTests\Feature\BibliotecaTest[22m [90m>[39m nao pode c… [41;1m MissingAppKeyException [49;22m  
[39;1m  No application encryption key has been specified.[39;22m

  at [32mvendor/laravel/framework/src/Illuminate/Encryption/EncryptionServiceProvider.php[39m:[32m83[39m
     79▕     protected function key(array $config)
     80▕     {
     81▕         return tap($config['key'], function ($key) {
     82▕             if (empty($key)) {
  ➜  83▕                 throw new MissingAppKeyException;
     84▕             }
     85▕         });
     86▕     }
     87▕ }

      [2m+19 vendor frames [22m
  [33m20  [39m[39;1mtests/Feature/BibliotecaTest.php[39;22m:[39;1m66[39;22m

  [31m────────────────────────────────────────────────────────────────────────────[39m  
  [41;1m FAILED [49;22m [1mTests\Feature\BibliotecaTest[22m [90m>[39m pode edita… [41;1m MissingAppKeyException [49;22m  
[39;1m  No application encryption key has been specified.[39;22m

  at [32mvendor/laravel/framework/src/Illuminate/Encryption/EncryptionServiceProvider.php[39m:[32m83[39m
     79▕     protected function key(array $config)
     80▕     {
     81▕         return tap($config['key'], function ($key) {
     82▕             if (empty($key)) {
  ➜  83▕                 throw new MissingAppKeyException;
     84▕             }
     85▕         });
     86▕     }
     87▕ }

      [2m+19 vendor frames [22m
  [33m20  [39m[39;1mtests/Feature/BibliotecaTest.php[39;22m:[39;1m82[39;22m

  [31m────────────────────────────────────────────────────────────────────────────[39m  
  [41;1m FAILED [49;22m [1mTests\Feature\BibliotecaTest[22m [90m>[39m retorna er… [41;1m MissingAppKeyException [49;22m  
[39;1m  No application encryption key has been specified.[39;22m

  at [32mvendor/laravel/framework/src/Illuminate/Encryption/EncryptionServiceProvider.php[39m:[32m83[39m
     79▕     protected function key(array $config)
     80▕     {
     81▕         return tap($config['key'], function ($key) {
     82▕             if (empty($key)) {
  ➜  83▕                 throw new MissingAppKeyException;
     84▕             }
     85▕         });
     86▕     }
     87▕ }

      [2m+19 vendor frames [22m
  [33m20  [39m[39;1mtests/Feature/BibliotecaTest.php[39;22m:[39;1m90[39;22m

  [31m────────────────────────────────────────────────────────────────────────────[39m  
  [41;1m FAILED [49;22m [1mTests\Feature\BibliotecaTest[22m [90m>[39m pode atual… [41;1m MissingAppKeyException [49;22m  
[39;1m  No application encryption key has been specified.[39;22m

  at [32mvendor/laravel/framework/src/Illuminate/Encryption/EncryptionServiceProvider.php[39m:[32m83[39m
     79▕     protected function key(array $config)
     80▕     {
     81▕         return tap($config['key'], function ($key) {
     82▕             if (empty($key)) {
  ➜  83▕                 throw new MissingAppKeyException;
     84▕             }
     85▕         });
     86▕     }
     87▕ }

      [2m+19 vendor frames [22m
  [33m20  [39m[39;1mtests/Feature/BibliotecaTest.php[39;22m:[39;1m109[39;22m

  [31m────────────────────────────────────────────────────────────────────────────[39m  
  [41;1m FAILED [49;22m [1mTests\Feature\BibliotecaTest[22m [90m>[39m retorna er… [41;1m MissingAppKeyException [49;22m  
[39;1m  No application encryption key has been specified.[39;22m

  at [32mvendor/laravel/framework/src/Illuminate/Encryption/EncryptionServiceProvider.php[39m:[32m83[39m
     79▕     protected function key(array $config)
     80▕     {
     81▕         return tap($config['key'], function ($key) {
     82▕             if (empty($key)) {
  ➜  83▕                 throw new MissingAppKeyException;
     84▕             }
     85▕         });
     86▕     }
     87▕ }

      [2m+19 vendor frames [22m
  [33m20  [39m[39;1mtests/Feature/BibliotecaTest.php[39;22m:[39;1m126[39;22m

  [31m────────────────────────────────────────────────────────────────────────────[39m  
  [41;1m FAILED [49;22m [1mTests\Feature\BibliotecaTest[22m [90m>[39m pode exclu… [41;1m MissingAppKeyException [49;22m  
[39;1m  No application encryption key has been specified.[39;22m

  at [32mvendor/laravel/framework/src/Illuminate/Encryption/EncryptionServiceProvider.php[39m:[32m83[39m
     79▕     protected function key(array $config)
     80▕     {
     81▕         return tap($config['key'], function ($key) {
     82▕             if (empty($key)) {
  ➜  83▕                 throw new MissingAppKeyException;
     84▕             }
     85▕         });
     86▕     }
     87▕ }

      [2m+19 vendor frames [22m
  [33m20  [39m[39;1mtests/Feature/BibliotecaTest.php[39;22m:[39;1m141[39;22m

  [31m────────────────────────────────────────────────────────────────────────────[39m  
  [41;1m FAILED [49;22m [1mTests\Feature\BibliotecaTest[22m [90m>[39m retorna er… [41;1m MissingAppKeyException [49;22m  
[39;1m  No application encryption key has been specified.[39;22m

  at [32mvendor/laravel/framework/src/Illuminate/Encryption/EncryptionServiceProvider.php[39m:[32m83[39m
     79▕     protected function key(array $config)
     80▕     {
     81▕         return tap($config['key'], function ($key) {
     82▕             if (empty($key)) {
  ➜  83▕                 throw new MissingAppKeyException;
     84▕             }
     85▕         });
     86▕     }
     87▕ }

      [2m+19 vendor frames [22m
  [33m20  [39m[39;1mtests/Feature/BibliotecaTest.php[39;22m:[39;1m153[39;22m

  [31m────────────────────────────────────────────────────────────────────────────[39m  
  [41;1m FAILED [49;22m [1mTests\Feature\ExampleTest[22m [90m>[39m the applicati… [41;1m MissingAppKeyException [49;22m  
[39;1m  No application encryption key has been specified.[39;22m

  at [32mvendor/laravel/framework/src/Illuminate/Encryption/EncryptionServiceProvider.php[39m:[32m83[39m
     79▕     protected function key(array $config)
     80▕     {
     81▕         return tap($config['key'], function ($key) {
     82▕             if (empty($key)) {
  ➜  83▕                 throw new MissingAppKeyException;
     84▕             }
     85▕         });
     86▕     }
     87▕ }

      [2m+19 vendor frames [22m
  [33m20  [39m[39;1mtests/Feature/ExampleTest.php[39;22m:[39;1m15[39;22m

  [31m────────────────────────────────────────────────────────────────────────────[39m  
  [41;1m FAILED [49;22m [1mTests\Feature\LivroTest[22m [90m>[39m pode listar livros       [41;1m QueryException [49;22m  
[39;1m  SQLSTATE[23000]: Integrity constraint violation: 19 NOT NULL constraint failed: livros.data_publicacao (Connection: sqlite, Database: /tmp/database.sqlite, SQL: insert into "livros" ("titulo", "isbn", "updated_at", "created_at") values (Livro 0, 123-456-0, 2026-06-21 19:41:46, 2026-06-21 19:41:46))[39;22m

  at [32mvendor/laravel/framework/src/Illuminate/Database/Connection.php[39m:[32m841[39m
    837▕             $exceptionType = ($isUniqueConstraintError = $this->isUniqueConstraintError($e))
    838▕                 ? UniqueConstraintViolationException::class
    839▕                 : QueryException::class;
    840▕ 
  ➜ 841▕             $exception = new $exceptionType(
    842▕                 $this->getNameWithReadWriteType(),
    843▕                 $query,
    844▕                 $this->prepareBindings($bindings),
    845▕                 $e,

      [2m+19 vendor frames [22m
  [33m20  [39m[39;1mtests/Feature/LivroTest.php[39;22m:[39;1m21[39;22m

  [31m────────────────────────────────────────────────────────────────────────────[39m  
  [41;1m FAILED [49;22m [1mTests\Feature\LivroTest[22m [90m>[39m pode acessar pa… [41;1m MissingAppKeyException [49;22m  
[39;1m  No application encryption key has been specified.[39;22m

  at [32mvendor/laravel/framework/src/Illuminate/Encryption/EncryptionServiceProvider.php[39m:[32m83[39m
     79▕     protected function key(array $config)
     80▕     {
     81▕         return tap($config['key'], function ($key) {
     82▕             if (empty($key)) {
  ➜  83▕                 throw new MissingAppKeyException;
     84▕             }
     85▕         });
     86▕     }
     87▕ }

      [2m+19 vendor frames [22m
  [33m20  [39m[39;1mtests/Feature/LivroTest.php[39;22m:[39;1m37[39;22m

  [31m────────────────────────────────────────────────────────────────────────────[39m  
  [41;1m FAILED [49;22m [1mTests\Feature\LivroTest[22m [90m>[39m pode criar livr… [41;1m MissingAppKeyException [49;22m  
[39;1m  No application encryption key has been specified.[39;22m

  at [32mvendor/laravel/framework/src/Illuminate/Encryption/EncryptionServiceProvider.php[39m:[32m83[39m
     79▕     protected function key(array $config)
     80▕     {
     81▕         return tap($config['key'], function ($key) {
     82▕             if (empty($key)) {
  ➜  83▕                 throw new MissingAppKeyException;
     84▕             }
     85▕         });
     86▕     }
     87▕ }

      [2m+19 vendor frames [22m
  [33m20  [39m[39;1mtests/Feature/LivroTest.php[39;22m:[39;1m57[39;22m

  [31m────────────────────────────────────────────────────────────────────────────[39m  
  [41;1m FAILED [49;22m [1mTests\Feature\LivroTest[22m [90m>[39m pode exibir livro espec… [41;1m QueryException [49;22m  
[39;1m  SQLSTATE[23000]: Integrity constraint violation: 19 NOT NULL constraint failed: livros.data_publicacao (Connection: sqlite, Database: /tmp/database.sqlite, SQL: insert into "livros" ("titulo", "isbn", "updated_at", "created_at") values (Livro Show, 999, 2026-06-21 19:42:04, 2026-06-21 19:42:04))[39;22m

  at [32mvendor/laravel/framework/src/Illuminate/Database/Connection.php[39m:[32m841[39m
    837▕             $exceptionType = ($isUniqueConstraintError = $this->isUniqueConstraintError($e))
    838▕                 ? UniqueConstraintViolationException::class
    839▕                 : QueryException::class;
    840▕ 
  ➜ 841▕             $exception = new $exceptionType(
    842▕                 $this->getNameWithReadWriteType(),
    843▕                 $query,
    844▕                 $this->prepareBindings($bindings),
    845▕                 $e,

      [2m+19 vendor frames [22m
  [33m20  [39m[39;1mtests/Feature/LivroTest.php[39;22m:[39;1m73[39;22m

  [31m────────────────────────────────────────────────────────────────────────────[39m  
  [41;1m FAILED [49;22m [1mTests\Feature\LivroTest[22m [90m>[39m retorna 404 ao…  [41;1m MissingAppKeyException [49;22m  
[39;1m  No application encryption key has been specified.[39;22m

  at [32mvendor/laravel/framework/src/Illuminate/Encryption/EncryptionServiceProvider.php[39m:[32m83[39m
     79▕     protected function key(array $config)
     80▕     {
     81▕         return tap($config['key'], function ($key) {
     82▕             if (empty($key)) {
  ➜  83▕                 throw new MissingAppKeyException;
     84▕             }
     85▕         });
     86▕     }
     87▕ }

      [2m+19 vendor frames [22m
  [33m20  [39m[39;1mtests/Feature/LivroTest.php[39;22m:[39;1m88[39;22m

  [31m────────────────────────────────────────────────────────────────────────────[39m  
  [41;1m FAILED [49;22m [1mTests\Feature\LivroTest[22m [90m>[39m pode editar livro        [41;1m QueryException [49;22m  
[39;1m  SQLSTATE[23000]: Integrity constraint violation: 19 NOT NULL constraint failed: livros.data_publicacao (Connection: sqlite, Database: /tmp/database.sqlite, SQL: insert into "livros" ("titulo", "isbn", "updated_at", "created_at") values (Livro Edit, 888, 2026-06-21 19:42:08, 2026-06-21 19:42:08))[39;22m

  at [32mvendor/laravel/framework/src/Illuminate/Database/Connection.php[39m:[32m841[39m
    837▕             $exceptionType = ($isUniqueConstraintError = $this->isUniqueConstraintError($e))
    838▕                 ? UniqueConstraintViolationException::class
    839▕                 : QueryException::class;
    840▕ 
  ➜ 841▕             $exception = new $exceptionType(
    842▕                 $this->getNameWithReadWriteType(),
    843▕                 $query,
    844▕                 $this->prepareBindings($bindings),
    845▕                 $e,

      [2m+19 vendor frames [22m
  [33m20  [39m[39;1mtests/Feature/LivroTest.php[39;22m:[39;1m99[39;22m

  [31m────────────────────────────────────────────────────────────────────────────[39m  
  [41;1m FAILED [49;22m [1mTests\Feature\LivroTest[22m [90m>[39m pode atualizar livro     [41;1m QueryException [49;22m  
[39;1m  SQLSTATE[23000]: Integrity constraint violation: 19 NOT NULL constraint failed: livros.data_publicacao (Connection: sqlite, Database: /tmp/database.sqlite, SQL: insert into "livros" ("titulo", "isbn", "updated_at", "created_at") values (Título Antigo, 777, 2026-06-21 19:42:13, 2026-06-21 19:42:13))[39;22m

  at [32mvendor/laravel/framework/src/Illuminate/Database/Connection.php[39m:[32m841[39m
    837▕             $exceptionType = ($isUniqueConstraintError = $this->isUniqueConstraintError($e))
    838▕                 ? UniqueConstraintViolationException::class
    839▕                 : QueryException::class;
    840▕ 
  ➜ 841▕             $exception = new $exceptionType(
    842▕                 $this->getNameWithReadWriteType(),
    843▕                 $query,
    844▕                 $this->prepareBindings($bindings),
    845▕                 $e,

      [2m+19 vendor frames [22m
  [33m20  [39m[39;1mtests/Feature/LivroTest.php[39;22m:[39;1m119[39;22m

  [31m────────────────────────────────────────────────────────────────────────────[39m  
  [41;1m FAILED [49;22m [1mTests\Feature\LivroTest[22m [90m>[39m pode excluir livro       [41;1m QueryException [49;22m  
[39;1m  SQLSTATE[23000]: Integrity constraint violation: 19 NOT NULL constraint failed: livros.data_publicacao (Connection: sqlite, Database: /tmp/database.sqlite, SQL: insert into "livros" ("titulo", "isbn", "updated_at", "created_at") values (Livro Delete, 666, 2026-06-21 19:42:13, 2026-06-21 19:42:13))[39;22m

  at [32mvendor/laravel/framework/src/Illuminate/Database/Connection.php[39m:[32m841[39m
    837▕             $exceptionType = ($isUniqueConstraintError = $this->isUniqueConstraintError($e))
    838▕                 ? UniqueConstraintViolationException::class
    839▕                 : QueryException::class;
    840▕ 
  ➜ 841▕             $exception = new $exceptionType(
    842▕                 $this->getNameWithReadWriteType(),
    843▕                 $query,
    844▕                 $this->prepareBindings($bindings),
    845▕                 $e,

      [2m+19 vendor frames [22m
  [33m20  [39m[39;1mtests/Feature/LivroTest.php[39;22m:[39;1m149[39;22m

  [31m────────────────────────────────────────────────────────────────────────────[39m  
  [41;1m FAILED [49;22m [1mTests\Feature\PessoaTest[22m [90m>[39m pode listar pe… [41;1m MissingAppKeyException [49;22m  
[39;1m  No application encryption key has been specified.[39;22m

  at [32mvendor/laravel/framework/src/Illuminate/Encryption/EncryptionServiceProvider.php[39m:[32m83[39m
     79▕     protected function key(array $config)
     80▕     {
     81▕         return tap($config['key'], function ($key) {
     82▕             if (empty($key)) {
  ➜  83▕                 throw new MissingAppKeyException;
     84▕             }
     85▕         });
     86▕     }
     87▕ }

      [2m+19 vendor frames [22m
  [33m20  [39m[39;1mtests/Feature/PessoaTest.php[39;22m:[39;1m17[39;22m

  [31m────────────────────────────────────────────────────────────────────────────[39m  
  [41;1m FAILED [49;22m [1mTests\Feature\PessoaTest[22m [90m>[39m pode acessar p… [41;1m MissingAppKeyException [49;22m  
[39;1m  No application encryption key has been specified.[39;22m

  at [32mvendor/laravel/framework/src/Illuminate/Encryption/EncryptionServiceProvider.php[39m:[32m83[39m
     79▕     protected function key(array $config)
     80▕     {
     81▕         return tap($config['key'], function ($key) {
     82▕             if (empty($key)) {
  ➜  83▕                 throw new MissingAppKeyException;
     84▕             }
     85▕         });
     86▕     }
     87▕ }

      [2m+19 vendor frames [22m
  [33m20  [39m[39;1mtests/Feature/PessoaTest.php[39;22m:[39;1m25[39;22m

  [31m────────────────────────────────────────────────────────────────────────────[39m  
  [41;1m FAILED [49;22m [1mTests\Feature\PessoaTest[22m [90m>[39m pode criar pes… [41;1m MissingAppKeyException [49;22m  
[39;1m  No application encryption key has been specified.[39;22m

  at [32mvendor/laravel/framework/src/Illuminate/Encryption/EncryptionServiceProvider.php[39m:[32m83[39m
     79▕     protected function key(array $config)
     80▕     {
     81▕         return tap($config['key'], function ($key) {
     82▕             if (empty($key)) {
  ➜  83▕                 throw new MissingAppKeyException;
     84▕             }
     85▕         });
     86▕     }
     87▕ }

      [2m+19 vendor frames [22m
  [33m20  [39m[39;1mtests/Feature/PessoaTest.php[39;22m:[39;1m41[39;22m

  [31m────────────────────────────────────────────────────────────────────────────[39m  
  [41;1m FAILED [49;22m [1mTests\Feature\PessoaTest[22m [90m>[39m nao pode criar… [41;1m MissingAppKeyException [49;22m  
[39;1m  No application encryption key has been specified.[39;22m

  at [32mvendor/laravel/framework/src/Illuminate/Encryption/EncryptionServiceProvider.php[39m:[32m83[39m
     79▕     protected function key(array $config)
     80▕     {
     81▕         return tap($config['key'], function ($key) {
     82▕             if (empty($key)) {
  ➜  83▕                 throw new MissingAppKeyException;
     84▕             }
     85▕         });
     86▕     }
     87▕ }

      [2m+19 vendor frames [22m
  [33m20  [39m[39;1mtests/Feature/PessoaTest.php[39;22m:[39;1m64[39;22m

  [31m────────────────────────────────────────────────────────────────────────────[39m  
  [41;1m FAILED [49;22m [1mTests\Feature\PessoaTest[22m [90m>[39m pode editar pe… [41;1m MissingAppKeyException [49;22m  
[39;1m  No application encryption key has been specified.[39;22m

  at [32mvendor/laravel/framework/src/Illuminate/Encryption/EncryptionServiceProvider.php[39m:[32m83[39m
     79▕     protected function key(array $config)
     80▕     {
     81▕         return tap($config['key'], function ($key) {
     82▕             if (empty($key)) {
  ➜  83▕                 throw new MissingAppKeyException;
     84▕             }
     85▕         });
     86▕     }
     87▕ }

      [2m+19 vendor frames [22m
  [33m20  [39m[39;1mtests/Feature/PessoaTest.php[39;22m:[39;1m77[39;22m

  [31m────────────────────────────────────────────────────────────────────────────[39m  
  [41;1m FAILED [49;22m [1mTests\Feature\PessoaTest[22m [90m>[39m retorna erro a… [41;1m MissingAppKeyException [49;22m  
[39;1m  No application encryption key has been specified.[39;22m

  at [32mvendor/laravel/framework/src/Illuminate/Encryption/EncryptionServiceProvider.php[39m:[32m83[39m
     79▕     protected function key(array $config)
     80▕     {
     81▕         return tap($config['key'], function ($key) {
     82▕             if (empty($key)) {
  ➜  83▕                 throw new MissingAppKeyException;
     84▕             }
     85▕         });
     86▕     }
     87▕ }

      [2m+19 vendor frames [22m
  [33m20  [39m[39;1mtests/Feature/PessoaTest.php[39;22m:[39;1m85[39;22m

  [31m────────────────────────────────────────────────────────────────────────────[39m  
  [41;1m FAILED [49;22m [1mTests\Feature\PessoaTest[22m [90m>[39m pode atualizar… [41;1m MissingAppKeyException [49;22m  
[39;1m  No application encryption key has been specified.[39;22m

  at [32mvendor/laravel/framework/src/Illuminate/Encryption/EncryptionServiceProvider.php[39m:[32m83[39m
     79▕     protected function key(array $config)
     80▕     {
     81▕         return tap($config['key'], function ($key) {
     82▕             if (empty($key)) {
  ➜  83▕                 throw new MissingAppKeyException;
     84▕             }
     85▕         });
     86▕     }
     87▕ }

      [2m+19 vendor frames [22m
  [33m20  [39m[39;1mtests/Feature/PessoaTest.php[39;22m:[39;1m106[39;22m

  [31m────────────────────────────────────────────────────────────────────────────[39m  
  [41;1m FAILED [49;22m [1mTests\Feature\PessoaTest[22m [90m>[39m erro ao atuali… [41;1m MissingAppKeyException [49;22m  
[39;1m  No application encryption key has been specified.[39;22m

  at [32mvendor/laravel/framework/src/Illuminate/Encryption/EncryptionServiceProvider.php[39m:[32m83[39m
     79▕     protected function key(array $config)
     80▕     {
     81▕         return tap($config['key'], function ($key) {
     82▕             if (empty($key)) {
  ➜  83▕                 throw new MissingAppKeyException;
     84▕             }
     85▕         });
     86▕     }
     87▕ }

      [2m+19 vendor frames [22m
  [33m20  [39m[39;1mtests/Feature/PessoaTest.php[39;22m:[39;1m132[39;22m

  [31m────────────────────────────────────────────────────────────────────────────[39m  
  [41;1m FAILED [49;22m [1mTests\Feature\UserTest[22m [90m>[39m pode listar usua… [41;1m MissingAppKeyException [49;22m  
[39;1m  No application encryption key has been specified.[39;22m

  at [32mvendor/laravel/framework/src/Illuminate/Encryption/EncryptionServiceProvider.php[39m:[32m83[39m
     79▕     protected function key(array $config)
     80▕     {
     81▕         return tap($config['key'], function ($key) {
     82▕             if (empty($key)) {
  ➜  83▕                 throw new MissingAppKeyException;
     84▕             }
     85▕         });
     86▕     }
     87▕ }

      [2m+19 vendor frames [22m
  [33m20  [39m[39;1mtests/Feature/UserTest.php[39;22m:[39;1m17[39;22m

  [31m────────────────────────────────────────────────────────────────────────────[39m  
  [41;1m FAILED [49;22m [1mTests\Feature\UserTest[22m [90m>[39m pode exibir usua… [41;1m MissingAppKeyException [49;22m  
[39;1m  No application encryption key has been specified.[39;22m

  at [32mvendor/laravel/framework/src/Illuminate/Encryption/EncryptionServiceProvider.php[39m:[32m83[39m
     79▕     protected function key(array $config)
     80▕     {
     81▕         return tap($config['key'], function ($key) {
     82▕             if (empty($key)) {
  ➜  83▕                 throw new MissingAppKeyException;
     84▕             }
     85▕         });
     86▕     }
     87▕ }

      [2m+19 vendor frames [22m
  [33m20  [39m[39;1mtests/Feature/UserTest.php[39;22m:[39;1m27[39;22m

  [31m────────────────────────────────────────────────────────────────────────────[39m  
  [41;1m FAILED [49;22m [1mTests\Feature\UserTest[22m [90m>[39m retorna erro ao…  [41;1m MissingAppKeyException [49;22m  
[39;1m  No application encryption key has been specified.[39;22m

  at [32mvendor/laravel/framework/src/Illuminate/Encryption/EncryptionServiceProvider.php[39m:[32m83[39m
     79▕     protected function key(array $config)
     80▕     {
     81▕         return tap($config['key'], function ($key) {
     82▕             if (empty($key)) {
  ➜  83▕                 throw new MissingAppKeyException;
     84▕             }
     85▕         });
     86▕     }
     87▕ }

      [2m+19 vendor frames [22m
  [33m20  [39m[39;1mtests/Feature/UserTest.php[39;22m:[39;1m35[39;22m

  [31m────────────────────────────────────────────────────────────────────────────[39m  
  [41;1m FAILED [49;22m [1mTests\Feature\UserTest[22m [90m>[39m pode acessar pag… [41;1m MissingAppKeyException [49;22m  
[39;1m  No application encryption key has been specified.[39;22m

  at [32mvendor/laravel/framework/src/Illuminate/Encryption/EncryptionServiceProvider.php[39m:[32m83[39m
     79▕     protected function key(array $config)
     80▕     {
     81▕         return tap($config['key'], function ($key) {
     82▕             if (empty($key)) {
  ➜  83▕                 throw new MissingAppKeyException;
     84▕             }
     85▕         });
     86▕     }
     87▕ }

      [2m+19 vendor frames [22m
  [33m20  [39m[39;1mtests/Feature/UserTest.php[39;22m:[39;1m43[39;22m

  [31m────────────────────────────────────────────────────────────────────────────[39m  
  [41;1m FAILED [49;22m [1mTests\Feature\UserTest[22m [90m>[39m pode criar usuar… [41;1m MissingAppKeyException [49;22m  
[39;1m  No application encryption key has been specified.[39;22m

  at [32mvendor/laravel/framework/src/Illuminate/Encryption/EncryptionServiceProvider.php[39m:[32m83[39m
     79▕     protected function key(array $config)
     80▕     {
     81▕         return tap($config['key'], function ($key) {
     82▕             if (empty($key)) {
  ➜  83▕                 throw new MissingAppKeyException;
     84▕             }
     85▕         });
     86▕     }
     87▕ }

      [2m+19 vendor frames [22m
  [33m20  [39m[39;1mtests/Feature/UserTest.php[39;22m:[39;1m56[39;22m

  [31m────────────────────────────────────────────────────────────────────────────[39m  
  [41;1m FAILED [49;22m [1mTests\Feature\UserTest[22m [90m>[39m nao pode criar u… [41;1m MissingAppKeyException [49;22m  
[39;1m  No application encryption key has been specified.[39;22m

  at [32mvendor/laravel/framework/src/Illuminate/Encryption/EncryptionServiceProvider.php[39m:[32m83[39m
     79▕     protected function key(array $config)
     80▕     {
     81▕         return tap($config['key'], function ($key) {
     82▕             if (empty($key)) {
  ➜  83▕                 throw new MissingAppKeyException;
     84▕             }
     85▕         });
     86▕     }
     87▕ }

      [2m+19 vendor frames [22m
  [33m20  [39m[39;1mtests/Feature/UserTest.php[39;22m:[39;1m77[39;22m

  [31m────────────────────────────────────────────────────────────────────────────[39m  
  [41;1m FAILED [49;22m [1mTests\Feature\UserTest[22m [90m>[39m pode editar usua… [41;1m MissingAppKeyException [49;22m  
[39;1m  No application encryption key has been specified.[39;22m

  at [32mvendor/laravel/framework/src/Illuminate/Encryption/EncryptionServiceProvider.php[39m:[32m83[39m
     79▕     protected function key(array $config)
     80▕     {
     81▕         return tap($config['key'], function ($key) {
     82▕             if (empty($key)) {
  ➜  83▕                 throw new MissingAppKeyException;
     84▕             }
     85▕         });
     86▕     }
     87▕ }

      [2m+19 vendor frames [22m
  [33m20  [39m[39;1mtests/Feature/UserTest.php[39;22m:[39;1m87[39;22m

  [31m────────────────────────────────────────────────────────────────────────────[39m  
  [41;1m FAILED [49;22m [1mTests\Feature\UserTest[22m [90m>[39m pode atualizar u… [41;1m MissingAppKeyException [49;22m  
[39;1m  No application encryption key has been specified.[39;22m

  at [32mvendor/laravel/framework/src/Illuminate/Encryption/EncryptionServiceProvider.php[39m:[32m83[39m
     79▕     protected function key(array $config)
     80▕     {
     81▕         return tap($config['key'], function ($key) {
     82▕             if (empty($key)) {
  ➜  83▕                 throw new MissingAppKeyException;
     84▕             }
     85▕         });
     86▕     }
     87▕ }

      [2m+19 vendor frames [22m
  [33m20  [39m[39;1mtests/Feature/UserTest.php[39;22m:[39;1m105[39;22m

  [31m────────────────────────────────────────────────────────────────────────────[39m  
  [41;1m FAILED [49;22m [1mTests\Feature\UserTest[22m [90m>[39m pode excluir usu… [41;1m MissingAppKeyException [49;22m  
[39;1m  No application encryption key has been specified.[39;22m

  at [32mvendor/laravel/framework/src/Illuminate/Encryption/EncryptionServiceProvider.php[39m:[32m83[39m
     79▕     protected function key(array $config)
     80▕     {
     81▕         return tap($config['key'], function ($key) {
     82▕             if (empty($key)) {
  ➜  83▕                 throw new MissingAppKeyException;
     84▕             }
     85▕         });
     86▕     }
     87▕ }

      [2m+19 vendor frames [22m
  [33m20  [39m[39;1mtests/Feature/UserTest.php[39;22m:[39;1m121[39;22m


  [90mTests:[39m    [31;1m43 failed[39;22m[90m,[39m[39m [39m[32;1m1 passed[39;22m[90m (1 assertions)[39m
  [90mDuration:[39m [39m320.63s[39m

